// Jest Snapshot v1, https://goo.gl/fbAQLP

exports[`Should render expense list item 1`] = `
<div>
  <Link
    replace={false}
    to="/edit/1"
  >
    <h3>
      Gum
    </h3>
  </Link>
  <p>
    amount: 
    195
  </p>
  <p>
    Created At: 
    0
  </p>
</div>
`;
