// Jest Snapshot v1, https://goo.gl/fbAQLP

exports[`Should render HelpPage correctly 1`] = `
<div>
  <h3>
    This is Help
  </h3>
</div>
`;
